[device] mps
[dataset] MASTER AAAI24 replica v3 (research-grade)  content=b6c1d955865f411e...  HAC lag=1
[cs] loaded cached peer features from _cs_features.csv
[cs] 9 CS features on 627 stocks

[base] train (509815, 60, 6) val (145783, 60, 6) eval (250614, 60, 6)
      [base s0] epoch   1  val 0.996572  best 0.996572  patience 0/10  68s (68s/ep)
      [base s0] epoch   2  val 0.995777  best 0.995777  patience 0/10  134s (67s/ep)
      [base s0] epoch   3  val 0.995404  best 0.995404  patience 0/10  199s (66s/ep)
      [base s0] epoch   4  val 0.995375  best 0.995375  patience 0/10  265s (66s/ep)
      [base s0] epoch   5  val 0.995182  best 0.995182  patience 0/10  329s (66s/ep)
      [base s0] epoch   6  val 0.996055  best 0.995182  patience 1/10  398s (66s/ep)
      [base s0] epoch   7  val 0.995396  best 0.995182  patience 2/10  465s (66s/ep)
      [base s0] epoch   8  val 0.994497  best 0.994497  patience 0/10  529s (66s/ep)
      [base s0] epoch   9  val 0.994579  best 0.994497  patience 1/10  595s (66s/ep)
      [base s0] epoch  10  val 0.994524  best 0.994497  patience 2/10  663s (66s/ep)
      [base s0] epoch  11  val 0.994263  best 0.994263  patience 0/10  731s (66s/ep)
      [base s0] epoch  12  val 0.994430  best 0.994263  patience 1/10  797s (66s/ep)
      [base s0] epoch  13  val 0.993873  best 0.993873  patience 0/10  867s (67s/ep)
      [base s0] epoch  14  val 0.993557  best 0.993557  patience 0/10  934s (67s/ep)
      [base s0] epoch  15  val 0.994644  best 0.993557  patience 1/10  1000s (67s/ep)
      [base s0] epoch  16  val 0.993905  best 0.993557  patience 2/10  1067s (67s/ep)
      [base s0] epoch  17  val 0.993286  best 0.993286  patience 0/10  1136s (67s/ep)
      [base s0] epoch  18  val 0.993917  best 0.993286  patience 1/10  1208s (67s/ep)
      [base s0] epoch  19  val 0.993934  best 0.993286  patience 2/10  1284s (68s/ep)
      [base s0] epoch  20  val 0.995310  best 0.993286  patience 3/10  1350s (67s/ep)
      [base s0] epoch  21  val 0.994182  best 0.993286  patience 4/10  1429s (68s/ep)
      [base s0] epoch  22  val 0.994372  best 0.993286  patience 5/10  1503s (68s/ep)
      [base s0] epoch  23  val 0.993987  best 0.993286  patience 6/10  1569s (68s/ep)
      [base s0] epoch  24  val 0.994404  best 0.993286  patience 7/10  1637s (68s/ep)
      [base s0] epoch  25  val 0.994367  best 0.993286  patience 8/10  1703s (68s/ep)
      [base s0] epoch  26  val 0.994634  best 0.993286  patience 9/10  1768s (68s/ep)
      [base s0] epoch  27  val 0.994910  best 0.993286  patience 10/10  1839s (68s/ep)
   seed 0: 27 epochs, 38849 params, 1864s
      [base s1] epoch   1  val 0.996211  best 0.996211  patience 0/10  68s (68s/ep)
      [base s1] epoch   2  val 0.995702  best 0.995702  patience 0/10  132s (66s/ep)
      [base s1] epoch   3  val 0.995951  best 0.995702  patience 1/10  195s (65s/ep)
      [base s1] epoch   4  val 0.996047  best 0.995702  patience 2/10  259s (65s/ep)
      [base s1] epoch   5  val 0.995373  best 0.995373  patience 0/10  325s (65s/ep)
      [base s1] epoch   6  val 0.995042  best 0.995042  patience 0/10  390s (65s/ep)
      [base s1] epoch   7  val 0.994826  best 0.994826  patience 0/10  465s (66s/ep)
      [base s1] epoch   8  val 0.994904  best 0.994826  patience 1/10  531s (66s/ep)
      [base s1] epoch   9  val 0.995154  best 0.994826  patience 2/10  610s (68s/ep)
      [base s1] epoch  10  val 0.994189  best 0.994189  patience 0/10  686s (69s/ep)
      [base s1] epoch  11  val 0.993976  best 0.993976  patience 0/10  752s (68s/ep)
      [base s1] epoch  12  val 0.994126  best 0.993976  patience 1/10  820s (68s/ep)
      [base s1] epoch  13  val 0.994432  best 0.993976  patience 2/10  890s (68s/ep)
      [base s1] epoch  14  val 0.993307  best 0.993307  patience 0/10  961s (69s/ep)
      [base s1] epoch  15  val 0.994415  best 0.993307  patience 1/10  1028s (69s/ep)
      [base s1] epoch  16  val 0.993607  best 0.993307  patience 2/10  1092s (68s/ep)
      [base s1] epoch  17  val 0.993587  best 0.993307  patience 3/10  1158s (68s/ep)
      [base s1] epoch  18  val 0.993920  best 0.993307  patience 4/10  1226s (68s/ep)
      [base s1] epoch  19  val 0.993879  best 0.993307  patience 5/10  1301s (68s/ep)
      [base s1] epoch  20  val 0.992923  best 0.992923  patience 0/10  1382s (69s/ep)
      [base s1] epoch  21  val 0.992996  best 0.992923  patience 1/10  1452s (69s/ep)
      [base s1] epoch  22  val 0.993031  best 0.992923  patience 2/10  1521s (69s/ep)
      [base s1] epoch  23  val 0.993436  best 0.992923  patience 3/10  1591s (69s/ep)
      [base s1] epoch  24  val 0.993842  best 0.992923  patience 4/10  1660s (69s/ep)
      [base s1] epoch  25  val 0.993203  best 0.992923  patience 5/10  1724s (69s/ep)
      [base s1] epoch  26  val 0.994740  best 0.992923  patience 6/10  1789s (69s/ep)
      [base s1] epoch  27  val 0.993781  best 0.992923  patience 7/10  1855s (69s/ep)
      [base s1] epoch  28  val 0.993380  best 0.992923  patience 8/10  1919s (69s/ep)
      [base s1] epoch  29  val 0.994509  best 0.992923  patience 9/10  1983s (68s/ep)
      [base s1] epoch  30  val 0.995793  best 0.992923  patience 10/10  2048s (68s/ep)
   seed 1: 30 epochs, 38849 params, 3932s
gru base                           IC +0.0580  HAC-SE 0.00438  t_HAC +13.25  [95% +0.0494,+0.0666]  hit 67.6%  n=871   (naive t +13.16, x0.99)

[base+CS] train (509815, 60, 15) val (145783, 60, 15) eval (250614, 60, 15)
      [base+CS s0] epoch   1  val 0.993851  best 0.993851  patience 0/10  96s (96s/ep)
      [base+CS s0] epoch   2  val 0.993695  best 0.993695  patience 0/10  177s (89s/ep)
      [base+CS s0] epoch   3  val 0.992638  best 0.992638  patience 0/10  256s (85s/ep)
      [base+CS s0] epoch   4  val 0.993009  best 0.992638  patience 1/10  331s (83s/ep)
      [base+CS s0] epoch   5  val 0.991827  best 0.991827  patience 0/10  409s (82s/ep)
      [base+CS s0] epoch   6  val 0.992997  best 0.991827  patience 1/10  478s (80s/ep)
      [base+CS s0] epoch   7  val 0.993190  best 0.991827  patience 2/10  545s (78s/ep)
      [base+CS s0] epoch   8  val 0.991897  best 0.991827  patience 3/10  614s (77s/ep)
      [base+CS s0] epoch   9  val 0.992340  best 0.991827  patience 4/10  681s (76s/ep)
      [base+CS s0] epoch  10  val 0.992092  best 0.991827  patience 5/10  860s (86s/ep)
      [base+CS s0] epoch  11  val 0.991461  best 0.991461  patience 0/10  927s (84s/ep)
      [base+CS s0] epoch  12  val 0.992172  best 0.991461  patience 1/10  994s (83s/ep)
      [base+CS s0] epoch  13  val 0.992312  best 0.991461  patience 2/10  1060s (82s/ep)
      [base+CS s0] epoch  14  val 0.992780  best 0.991461  patience 3/10  1140s (81s/ep)
      [base+CS s0] epoch  15  val 0.994130  best 0.991461  patience 4/10  1207s (80s/ep)
      [base+CS s0] epoch  16  val 0.994272  best 0.991461  patience 5/10  1284s (80s/ep)
      [base+CS s0] epoch  17  val 0.992718  best 0.991461  patience 6/10  1351s (79s/ep)
      [base+CS s0] epoch  18  val 0.993774  best 0.991461  patience 7/10  1420s (79s/ep)
      [base+CS s0] epoch  19  val 0.994385  best 0.991461  patience 8/10  1487s (78s/ep)
      [base+CS s0] epoch  20  val 0.995252  best 0.991461  patience 9/10  1563s (78s/ep)
      [base+CS s0] epoch  21  val 0.995118  best 0.991461  patience 10/10  1643s (78s/ep)
   seed 0: 21 epochs, 40577 params, 1837s
      [base+CS s1] epoch   1  val 0.994150  best 0.994150  patience 0/10  98s (98s/ep)
      [base+CS s1] epoch   2  val 0.993770  best 0.993770  patience 0/10  183s (91s/ep)
      [base+CS s1] epoch   3  val 0.992554  best 0.992554  patience 0/10  256s (85s/ep)
      [base+CS s1] epoch   4  val 0.994011  best 0.992554  patience 1/10  334s (84s/ep)
      [base+CS s1] epoch   5  val 0.992933  best 0.992554  patience 2/10  413s (83s/ep)
      [base+CS s1] epoch   6  val 0.992676  best 0.992554  patience 3/10  482s (80s/ep)
      [base+CS s1] epoch   7  val 0.993801  best 0.992554  patience 4/10  559s (80s/ep)
      [base+CS s1] epoch   8  val 0.993002  best 0.992554  patience 5/10  642s (80s/ep)
      [base+CS s1] epoch   9  val 0.993035  best 0.992554  patience 6/10  714s (79s/ep)
      [base+CS s1] epoch  10  val 0.992427  best 0.992427  patience 0/10  792s (79s/ep)
      [base+CS s1] epoch  11  val 0.992436  best 0.992427  patience 1/10  875s (80s/ep)
      [base+CS s1] epoch  12  val 0.992153  best 0.992153  patience 0/10  955s (80s/ep)
      [base+CS s1] epoch  13  val 0.992833  best 0.992153  patience 1/10  1028s (79s/ep)
      [base+CS s1] epoch  14  val 0.991944  best 0.991944  patience 0/10  1101s (79s/ep)
      [base+CS s1] epoch  15  val 0.992650  best 0.991944  patience 1/10  1180s (79s/ep)
      [base+CS s1] epoch  16  val 0.992191  best 0.991944  patience 2/10  1261s (79s/ep)
      [base+CS s1] epoch  17  val 0.993269  best 0.991944  patience 3/10  1343s (79s/ep)
      [base+CS s1] epoch  18  val 0.994435  best 0.991944  patience 4/10  1453s (81s/ep)
      [base+CS s1] epoch  19  val 0.992813  best 0.991944  patience 5/10  1545s (81s/ep)
      [base+CS s1] epoch  20  val 0.995084  best 0.991944  patience 6/10  1632s (82s/ep)
      [base+CS s1] epoch  21  val 0.995483  best 0.991944  patience 7/10  1723s (82s/ep)
      [base+CS s1] epoch  22  val 0.995537  best 0.991944  patience 8/10  1814s (82s/ep)
      [base+CS s1] epoch  23  val 0.995553  best 0.991944  patience 9/10  1899s (83s/ep)
      [base+CS s1] epoch  24  val 0.996088  best 0.991944  patience 10/10  1994s (83s/ep)
   seed 1: 24 epochs, 40577 params, 3977s
gru base+CS                        IC +0.0502  HAC-SE 0.00465  t_HAC +10.81  [95% +0.0411,+0.0593]  hit 63.3%  n=871   (naive t +10.74, x0.99)

=== PAIRED TEST, ensemble ===
   delta = -0.0078   HAC t = -2.96   win-rate 45.1%   2xSE floor = 0.0053

=== PAIRED TEST, within-seed (same init, only inputs differ) ===
   seed 0: base +0.0552 -> base+CS +0.0491   delta -0.0061  HAC t -2.22
   seed 1: base +0.0581 -> base+CS +0.0498   delta -0.0084  HAC t -2.76
   mean within-seed delta = -0.0073  (all same sign: True)

=== calibration ===
   HIST vs GRU (published, this venue) : +0.0083
   our resolution floor (2xSE)          : 0.0053
   published GRU / LSTM on Alpha360     : 0.0584 / 0.0549

wrote datasets/csi300_master_replica_invdata_alpha360/_cs_nonlinear_gate.json
